This is pdfTeX, Version 3.141592653-2.6-1.40.27 (TeX Live 2025) (preloaded format=pdflatex 2025.4.19)  13 OCT 2025 11:34
entering extended mode
 restricted \write18 enabled.
 file:line:error style messages enabled.
 %&-line parsing enabled.
**/Users/nicholasbirchdelacalle/Documents/NL/NLP_project/NLP_group2/Project-Template/template.tex
(/Users/nicholasbirchdelacalle/Documents/NL/NLP_project/NLP_group2/Project-Template/template.tex
LaTeX2e <2024-11-01> patch level 2
L3 programming layer <2025-01-18>
(/usr/local/texlive/2025/texmf-dist/tex/latex/base/article.cls
Document Class: article 2024/06/29 v1.4n Standard LaTeX document class
(/usr/local/texlive/2025/texmf-dist/tex/latex/base/size10.clo
File: size10.clo 2024/06/29 v1.4n Standard LaTeX file (size option)
)
\c@part=\count196
\c@section=\count197
\c@subsection=\count198
\c@subsubsection=\count199
\c@paragraph=\count266
\c@subparagraph=\count267
\c@figure=\count268
\c@table=\count269
\abovecaptionskip=\skip49
\belowcaptionskip=\skip50
\bibindent=\dimen141
) (/usr/local/texlive/2025/texmf-dist/tex/latex/preprint/authblk.sty
Package: authblk 2001/02/27 1.3 (PWD)
\affilsep=\skip51
\@affilsep=\skip52
\c@Maxaffil=\count270
\c@authors=\count271
\c@affil=\count272
) (/usr/local/texlive/2025/texmf-dist/tex/latex/bera/bera.sty
Package: bera 2004/01/31 (WaS)
 (/usr/local/texlive/2025/texmf-dist/tex/latex/base/fontenc.sty
Package: fontenc 2021/04/29 v2.0v Standard LaTeX package
) (/usr/local/texlive/2025/texmf-dist/tex/latex/base/textcomp.sty
Package: textcomp 2024/04/24 v2.1b Standard LaTeX package
) (/usr/local/texlive/2025/texmf-dist/tex/latex/bera/beraserif.sty
Package: beraserif 2004/01/30 (WaS)
 (/usr/local/texlive/2025/texmf-dist/tex/latex/graphics/keyval.sty
Package: keyval 2022/05/29 v1.15 key=value parser (DPC)
\KV@toks@=\toks17
)
LaTeX Font Info:    Trying to load font information for T1+fve on input line 30.
 (/usr/local/texlive/2025/texmf-dist/tex/latex/bera/t1fve.fd
File: t1fve.fd 2004/09/07 scalable font definitions for T1/fve.
)
LaTeX Font Info:    Font shape `T1/fve/m/n' will be
(Font)              scaled to size 8.99994pt on input line 30.
) (/usr/local/texlive/2025/texmf-dist/tex/latex/bera/berasans.sty
Package: berasans 2004/01/30 (WaS)
) (/usr/local/texlive/2025/texmf-dist/tex/latex/bera/beramono.sty
Package: beramono 2004/01/31 (WaS)
)) (/usr/local/texlive/2025/texmf-dist/tex/latex/base/inputenc.sty
Package: inputenc 2024/02/08 v1.3d Input encoding file
\inpenc@prehook=\toks18
\inpenc@posthook=\toks19
) (/usr/local/texlive/2025/texmf-dist/tex/latex/graphics/graphicx.sty
Package: graphicx 2021/09/16 v1.2d Enhanced LaTeX Graphics (DPC,SPQR)
 (/usr/local/texlive/2025/texmf-dist/tex/latex/graphics/graphics.sty
Package: graphics 2024/08/06 v1.4g Standard LaTeX Graphics (DPC,SPQR)
 (/usr/local/texlive/2025/texmf-dist/tex/latex/graphics/trig.sty
Package: trig 2023/12/02 v1.11 sin cos tan (DPC)
) (/usr/local/texlive/2025/texmf-dist/tex/latex/graphics-cfg/graphics.cfg
File: graphics.cfg 2016/06/04 v1.11 sample graphics configuration
)
Package graphics Info: Driver file: pdftex.def on input line 106.
 (/usr/local/texlive/2025/texmf-dist/tex/latex/graphics-def/pdftex.def
File: pdftex.def 2024/04/13 v1.2c Graphics/color driver for pdftex
))
\Gin@req@height=\dimen142
\Gin@req@width=\dimen143
) (/usr/local/texlive/2025/texmf-dist/tex/latex/enumitem/enumitem.sty
Package: enumitem 2025/02/06 v3.11 Customized lists
\labelindent=\skip53
\enit@outerparindent=\dimen144
\enit@toks=\toks20
\enit@inbox=\box52
\enit@count@id=\count273
\enitdp@description=\count274
) (/usr/local/texlive/2025/texmf-dist/tex/latex/l3backend/l3backend-pdftex.def
File: l3backend-pdftex.def 2024-05-08 L3 backend support: PDF output (pdfTeX)
\l__color_backend_stack_int=\count275
\l__pdf_internal_box=\box53
) (./template.aux)
\openout1 = `template.aux'.

LaTeX Font Info:    Checking defaults for OML/cmm/m/it on input line 19.
LaTeX Font Info:    ... okay on input line 19.
LaTeX Font Info:    Checking defaults for OMS/cmsy/m/n on input line 19.
LaTeX Font Info:    ... okay on input line 19.
LaTeX Font Info:    Checking defaults for OT1/cmr/m/n on input line 19.
LaTeX Font Info:    ... okay on input line 19.
LaTeX Font Info:    Checking defaults for T1/cmr/m/n on input line 19.
LaTeX Font Info:    ... okay on input line 19.
LaTeX Font Info:    Checking defaults for TS1/cmr/m/n on input line 19.
LaTeX Font Info:    ... okay on input line 19.
LaTeX Font Info:    Checking defaults for OMX/cmex/m/n on input line 19.
LaTeX Font Info:    ... okay on input line 19.
LaTeX Font Info:    Checking defaults for U/cmr/m/n on input line 19.
LaTeX Font Info:    ... okay on input line 19.
 (/usr/local/texlive/2025/texmf-dist/tex/context/base/mkii/supp-pdf.mkii
[Loading MPS to PDF converter (version 2006.09.02).]
\scratchcounter=\count276
\scratchdimen=\dimen145
\scratchbox=\box54
\nofMPsegments=\count277
\nofMParguments=\count278
\everyMPshowfont=\toks21
\MPscratchCnt=\count279
\MPscratchDim=\dimen146
\MPnumerator=\count280
\makeMPintoPDFobject=\count281
\everyMPtoPDFconversion=\toks22
) (/usr/local/texlive/2025/texmf-dist/tex/latex/epstopdf-pkg/epstopdf-base.sty
Package: epstopdf-base 2020-01-24 v2.11 Base part for package epstopdf
Package epstopdf-base Info: Redefining graphics rule for `.eps' on input line 485.
 (/usr/local/texlive/2025/texmf-dist/tex/latex/latexconfig/epstopdf-sys.cfg
File: epstopdf-sys.cfg 2010/07/13 v1.3 Configuration of (r)epstopdf for TeX Live
))
LaTeX Font Info:    Font shape `T1/fve/m/n' will be
(Font)              scaled to size 15.55188pt on input line 21.
LaTeX Font Info:    Font shape `T1/fve/m/n' will be
(Font)              scaled to size 10.79993pt on input line 21.
LaTeX Font Info:    Font shape `T1/fve/m/n' will be
(Font)              scaled to size 12.9599pt on input line 23.
LaTeX Font Info:    Font shape `T1/fve/b/n' will be
(Font)              scaled to size 12.9599pt on input line 23.
LaTeX Font Info:    Trying to load font information for T1+fvm on input line 24.
 (/usr/local/texlive/2025/texmf-dist/tex/latex/bera/t1fvm.fd
File: t1fvm.fd 2004/09/07 scalable font definitions for T1/fvm.
)
LaTeX Font Info:    Font shape `T1/fvm/m/n' will be
(Font)              scaled to size 8.99994pt on input line 24.

Underfull \hbox (badness 10000) in paragraph at lines 24--25
\T1/fve/m/n/10 We fine-tune \T1/fvm/m/n/10 distilbert-base-uncased
 []


Underfull \hbox (badness 1931) in paragraph at lines 24--25
\T1/fve/m/n/10 pro-vided base-lines TF-IDF on the de-scrip-tion
 []

LaTeX Font Info:    Font shape `T1/fve/m/it' in size <10> not available
(Font)              Font shape `T1/fve/m/sl' tried instead on input line 27.
LaTeX Font Info:    Font shape `T1/fve/m/sl' will be
(Font)              scaled to size 8.99994pt on input line 27.
LaTeX Font Info:    External font `cmex10' loaded for size
(Font)              <7> on input line 27.
LaTeX Font Info:    External font `cmex10' loaded for size
(Font)              <5> on input line 27.


<../results/figures/encoder.pdf, id=1, 396.64084pt x 401.60541pt>
File: ../results/figures/encoder.pdf Graphic file (type pdf)
<use ../results/figures/encoder.pdf>
Package pdftex.def Info: ../results/figures/encoder.pdf  used on input line 33.
(pdftex.def)             Requested size: 229.5pt x 232.37978pt.
LaTeX Font Info:    Font shape `T1/fve/b/n' will be
(Font)              scaled to size 10.79993pt on input line 39.


[1{/usr/local/texlive/2025/texmf-var/fonts/map/pdftex/updmap/pdftex.map}{/usr/local/texlive/2025/texmf-dist/fonts/enc/dvips/base/8r.enc}


]

(./template.bbl
Underfull \hbox (badness 1845) in paragraph at lines 4--7
[]\T1/fve/m/n/10 Sanh, V., De-but, L., Chau-
 []



[2 <../results/figures/encoder.pdf>])
<../results/figures/training_curves.png, id=62, 1293.633pt x 322.3242pt>
File: ../results/figures/training_curves.png Graphic file (type png)
<use ../results/figures/training_curves.png>
Package pdftex.def Info: ../results/figures/training_curves.png  used on input line 69.
(pdftex.def)             Requested size: 206.5486pt x 51.4598pt.

Underfull \hbox (badness 10000) in paragraph at lines 70--70
[]\T1/fve/m/n/10 Figure 2: Train-ing loss and val-i-da-tion
 []


Underfull \hbox (badness 7925) in paragraph at lines 70--70
\T1/fve/m/n/10 accuracy/macro-F1 logged dur-ing fine-tuning
 []

<../results/figures/confusion_matrix.png, id=64, 433.62pt x 361.35pt>
File: ../results/figures/confusion_matrix.png Graphic file (type png)
<use ../results/figures/confusion_matrix.png>
Package pdftex.def Info: ../results/figures/confusion_matrix.png  used on input line 76.
(pdftex.def)             Requested size: 195.0764pt x 162.56189pt.




[3

 <../results/figures/training_curves.png> <../results/figures/confusion_matrix.png>] (./template.aux)
 ***********
LaTeX2e <2024-11-01> patch level 2
L3 programming layer <2025-01-18>
 ***********
 ) 
Here is how much of TeX's memory you used:
 2167 strings out of 473190
 35705 string characters out of 5715800
 427102 words of memory out of 5000000
 25415 multiletter control sequences out of 15000+600000
 581872 words of font info for 52 fonts, out of 8000000 for 9000
 1141 hyphenation exceptions out of 8191
 57i,6n,65p,796b,235s stack positions out of 10000i,1000n,20000p,200000b,200000s
</usr/local/texlive/2025/texmf-dist/fonts/type1/public/amsfonts/cm/cmbx10.pfb></usr/local/texlive/2025/texmf-dist/fonts/type1/public/amsfonts/cm/cmmi10.pfb></usr/local/texlive/2025/texmf-dist/fonts/type1/public/amsfonts/cm/cmr10.pfb></usr/local/texlive/2025/texmf-dist/fonts/type1/public/amsfonts/cm/cmr5.pfb></usr/local/texlive/2025/texmf-dist/fonts/type1/public/amsfonts/cm/cmr7.pfb></usr/local/texlive/2025/texmf-dist/fonts/type1/public/amsfonts/cm/cmr9.pfb></usr/local/texlive/2025/texmf-dist/fonts/type1/public/amsfonts/cm/cmsy10.pfb></usr/local/texlive/2025/texmf-dist/fonts/type1/public/amsfonts/cm/cmsy7.pfb></usr/local/texlive/2025/texmf-dist/fonts/type1/public/bera/fveb8a.pfb></usr/local/texlive/2025/texmf-dist/fonts/type1/public/bera/fver8a.pfb></usr/local/texlive/2025/texmf-dist/fonts/type1/public/bera/fver8a.pfb></usr/local/texlive/2025/texmf-dist/fonts/type1/public/bera/fvmr8a.pfb></usr/local/texlive/2025/texmf-dist/fonts/type1/public/cm-super/sfrm1000.pfb>
Output written on template.pdf (3 pages, 544258 bytes).
PDF statistics:
 110 PDF objects out of 1000 (max. 8388607)
 70 compressed objects within 1 object stream
 0 named destinations out of 1000 (max. 500000)
 16 words of extra memory for PDF output out of 10000 (max. 10000000)

